Session log for planning catalog extraction from an uploaded xlsm in the tracker app.
2026-09-07T09:25:31Z  cat memory/*.md; ls -la; ls -la tracker/  Read the four memory files and listed the repo root and the tracker directory.
2026-09-07T09:25:49Z  grep -rin catalog -l tracker/; cat core/catalogue.ts fixtures/index.ts workbook-reader/index.ts  Found the catalogue model in core and a workbook parser already able to turn xlsm bytes into a ParsedCatalogue.
2026-09-07T09:27:15Z  read AdminUpload.vue handlers.ts readme upload sections and 11.log 13.log  The admin upload already parses an xlsm in the browser and PUTs JSON so the gap is somewhere in that path rather than in the parser.
2026-09-07T09:28:19Z  node probe of readCatalogueFrom over both xlsm files  Both workbooks parse. August gives 3149 projects and April 2905. The JSON is about 1.3 MB and gzips to 46 kB.
2026-09-07T09:35:27Z  AskUserQuestion on where extraction runs then wrote the plan file  Alex kept extraction in the browser and ruled out a seeding command so the work is fixing the existing upload path.
2026-09-07T09:37:27Z  python3 insert of CatalogueSource into packages/core/src/types.ts  The catalogue can now declare which workbook it was read from.
2026-09-07T09:38:08Z  python3 rewrite of packages/core/src/catalogue.ts  CatalogueData now declares its source and the dedupe loop is an exported function the admin preview can call.
2026-09-07T09:38:23Z  python3 append of toCatalogueInput to the reader and a core dependency in its manifest  One converter now owns the step between the parser and the API.
2026-09-07T09:38:52Z  pnpm install  Linked @tracker/core into the reader so its typecheck resolves.
2026-09-07T09:39:11Z  python3 rewrite of AdminUpload.vue  The page sends the converted shape. Both counts it shows are deduplicated now. The current line names the workbook.
2026-09-07T09:39:42Z  python3 rewrite of apps/api/src/handlers.ts  The upload route now names the field a body leaves out. It returns the number the picker will offer.
2026-09-07T09:40:20Z  python3 insert of admin.from and admin.dropped into the eight message files  Every locale carries both new keys.
2026-09-07T09:41:34Z  pnpm typecheck twice around a fix to the project row cast  Seven projects typecheck clean. The GET route is now typed with the version it answers with.
2026-09-07T09:44:41Z  wrote the reader test and the api end to end test and the admin preview test  Both workbooks now go through the real route in a test. 197 tests pass across the two packages touched.
2026-09-07T09:44:58Z  python3 rewrite of five readme passages  Question 41 is settled. The wire size is stated. The stale claim that no upload screen exists is gone.
2026-09-07T09:46:32Z  pnpm lint then pnpm typecheck then pnpm test  Lint is clean. Seven typechecks pass. 345 tests pass where 325 ran before.
2026-09-07T09:51:15Z  pnpm dev:api on port 8791 then a node upload of the April workbook over HTTP  1264 kB on the wire. PUT 200 answering 2352 offered. The store names the April file. A body with no locations is refused by name.
2026-09-07T09:52:02Z  final gate of pnpm lint then pnpm test then pnpm build  Lint clean. 345 tests pass. The web bundle builds.
2026-09-07T09:53:34Z  python3 fold of the offered id list into offeredWorkdayIds in core  One function now serves every place that count is shown. Lint is clean. 345 tests still pass.
