Log 36. Why the tracker web bundle is large and what can come out of it.
2026-09-09T17:38:45Z built tracker/apps/web | one chunk index-B3uJvR-H.js at 526104 bytes raw and 174640 gzipped plus a 35952 byte stylesheet at 6950 gzipped.
2026-09-09T17:38:45Z read tracker/apps/web/vite.config.ts | no build block at all so rollup emits the single entry chunk and nothing is split.
2026-09-09T17:40:27Z decoded the sourcemap of index-D6g1gv2Q.js and attributed every generated byte to its module | 517549 of 517599 bytes accounted so the picture is complete.
2026-09-09T17:40:27Z measured the eight i18n catalogues | 106074 bytes or 20.5 percent of the bundle and seven of the eight are never read by any one user.
2026-09-09T17:40:27Z measured the router | router-core 53432 and vue-router 15409 and history 4149 and store 4244 for 77234 bytes or 14.7 percent across about six routes.
2026-09-09T17:40:27Z measured table-core | 49378 bytes or 9.5 percent pulled in by SummaryPanel alone.
2026-09-09T17:40:27Z measured the vue-i18n runtime | vue-i18n 20661 and core-base 15248 and message-compiler 16768 where the compiler is only there because the catalogues are compiled in the browser.
2026-09-09T17:40:27Z measured the workbook path | fflate 5576 and workbook-reader 5128 and AdminUpload 3328 for 14032 bytes that only an administrator ever runs.
2026-09-09T17:40:27Z measured @tracker/fixtures | 35 bytes so the 1.8 megabyte projects.json is already out and the seed data is already tree shaken.
2026-09-09T17:41:40Z built variant A with the seven non English catalogues behind dynamic imports and English kept as the fallback | entry fell from 526.15 kB to 426.85 kB raw and from 175.07 kB to 141.80 kB gzipped and each locale chunk is about 5.7 kB gzipped.
2026-09-09T17:45:43Z built variant B on top of A with five of the six routes behind lazyRouteComponent and AdminUpload behind defineAsyncComponent | entry fell to 390.60 kB raw and 130.54 kB gzipped and the entry stylesheet fell from 35.95 kB to 26.25 kB.
2026-09-09T17:45:43Z built variant C on top of B with SummaryPanel behind defineAsyncComponent so table-core leaves the entry | entry fell to 336.56 kB raw and 115.81 kB gzipped.
2026-09-09T17:45:43Z built variant D on top of C with TanStack Query removed and the catalogue load written as a ref | entry fell to 328.11 kB raw and 109.98 kB gzipped which is only 5.83 kB gzipped for the loss of the retry policy so D was reverted.
2026-09-09T17:45:43Z measured variant E by aliasing @tanstack/vue-router to a stub and building | entry fell to 252.42 kB raw and 87.08 kB gzipped so the router costs 84.14 kB raw and 28.73 kB gzipped in this bundle.
2026-09-09T17:45:43Z aliased vue-i18n to its runtime esm bundler build and rebuilt | byte identical output because @intlify/core-base imports the message compiler unconditionally so dropping the compiler needs @intlify/unplugin-vue-i18n.
2026-09-09T17:52:51Z kept A and B and C and reverted D and E | first load for an English user is 336.58 kB raw and 115.81 kB gzipped of script plus 25.09 kB and 5.30 kB of stylesheet against 526.15 kB and 175.07 kB and 35.95 kB and 6.93 kB before.
2026-09-09T17:52:51Z typed the message record as Record<string, typeof en> because createI18n narrowed the locale union to en once only English was listed | vue-tsc clean.
2026-09-09T17:52:51Z made setLocale and chooseLocale return promises and awaited them in loadProfileFromApi | the language now waits on its catalogue before the wording moves.
2026-09-09T17:52:51Z warmed the fetched modules in a beforeAll in bootstrap.test.ts and render.test.ts and waited on the locale in the wizard test | 237 of 237 pass and eslint is clean.
2026-09-09T17:53:51Z read tracker/infra/deploy-site.sh line 53 and tracker/infra/lib/tracker-stack.ts line 303 | the sync ran with --delete and the distribution answers a missing key with index.html and a 200 so a browser on the previous shell would have parsed markup as a module once anything was fetched on demand.
2026-09-09T17:53:51Z dropped --delete from the sync | the old hashed assets stay so a shell that is one deployment behind still finds its chunks.
