# Command log
#
# Every shell command run by the agent in this session. One line per command
# written as the command completes. Format is a UTC timestamp then the command
# then one plain sentence saying what happened.
2026-09-04T22:08:57Z  cat the two memory files and ls sites/ and ls *.log  ->  sites/ holds one empty readme. The last session log is 4.log.
2026-09-04T22:08:57Z  head and tail 4.log  ->  Confirmed the log header and the timestamp then command then sentence format.
2026-09-04T22:09:05Z  heredoc wrote sites/companies.md with a thirty row company and industry table  ->  The file is created. Each industry is distinct.
2026-09-04T22:12:06Z  python3 -V  ->  Python 3 is present so the page generator can be a python script.
2026-09-04T22:14:06Z  mkdir sites/assets and sites/companies then heredoc wrote assets/site.css  ->  One stylesheet covers the library page and the company pages. Each page sets --accent.
2026-09-04T22:16:00Z  heredoc wrote sites/build.py holding the company data and the page templates  ->  The generator is in place. It validates the sectors and the slugs before writing.
2026-09-04T22:16:09Z  python3 sites/build.py then ls companies and check every index link resolves  ->  Thirty company pages and index.html written. Every link on the index resolves to a file.
2026-09-04T22:16:26Z  python3 inline check for commas in the generated prose then heredoc wrote sites/readme  ->  No generated sentence contains a comma. The readme states how to regenerate the pages.
2026-09-04T22:16:52Z  firefox --headless --screenshot on index.html and companies/orsted.html  ->  Both pages rendered to png in the scratchpad.
2026-09-04T22:19:32Z  rm -rf companies build.py assets index.html then heredoc rewrote companies.md  ->  The real company pages are gone. The list now holds thirty invented Marchbourne traders.
2026-09-04T22:21:10Z  heredocs wrote the first four trader sites  ->  Butcher and bakery and tea room and coffee roaster are done. Each page carries its own layout and palette.
2026-09-04T22:22:58Z  sed fixed an article in the roaster page then heredocs wrote four more trader sites  ->  Greengrocer and fish bar and fishmonger and cheesemonger are done.
2026-09-04T22:24:45Z  heredocs wrote four more trader sites  ->  Delicatessen and wine merchant and brewery and sweet shop are done.
2026-09-04T22:26:37Z  heredocs wrote four more trader sites  ->  Ice cream and farm shop and dairy and florist are done. Fourteen remain.
2026-09-04T22:28:37Z  sed corrected a count in this log then heredocs wrote four more trader sites  ->  Garden centre and ironmonger and framer and fabric shop are done. Ten remain.
2026-09-04T22:30:12Z  heredocs wrote four more trader sites  ->  Tailor and cobbler and jeweller and barber are done. Six remain.
2026-09-04T22:31:59Z  heredocs wrote four more trader sites  ->  Launderette and cycle shop and record shop and bookshop are done. Two remain.
2026-09-04T22:33:10Z  sed changed a duplicated telephone number then heredocs wrote the last two trader sites  ->  Toy shop and pet shop are done. All thirty trader sites exist.
2026-09-04T22:34:30Z  heredoc wrote sites/index.html as the central directory  ->  Thirty entries with a search box and four category filters.
2026-09-04T22:34:46Z  python3 inline tag nesting and telephone number check then heredoc rewrote sites/readme  ->  Thirty one pages parse with no unclosed tags. No number is shared between two traders.
2026-09-05T11:10:54Z  mkdir rehbrunn folders then heredoc wrote the Konditorei page  ->  German set started. Sticky navigation with a scroll observer marks the current section.
2026-09-05T11:13:53Z  heredocs wrote the Gasthaus and the Apotheke  ->  The Gasthaus carries a hover dropdown menu. The Apotheke uses a sticky sidebar with a notice bar above it.
2026-09-05T11:15:28Z  heredoc wrote the Optik page  ->  Tab panels with arrow key support carry the four service areas.
2026-09-05T11:18:14Z  heredocs wrote the Hoerakustik and the Sanitaetshaus  ->  The first uses an accordion. The second uses a three column mega menu that folds flat on small screens.
2026-09-05T11:20:48Z  heredocs wrote the Tierarztpraxis and the Physiotherapie  ->  The practice page carries a fixed emergency bar at the foot. The therapy page switches panels with a segmented control.
2026-09-05T11:23:28Z  heredocs wrote the Fahrschule and the Kfz-Werkstatt  ->  The driving school shows a six step training path. The garage uses an off canvas menu driven by a checkbox.
2026-09-05T11:26:19Z  heredocs wrote the Tischlerei and the Polsterei  ->  The joinery carries a numbered sticky table of contents. The upholsterer shows before and after panels.
2026-09-05T11:28:52Z  heredocs wrote the Schlosserei and the Elektrobetrieb  ->  The metalworker has a fixed back to top control. The electrician uses a two column dropdown for the range.
2026-09-05T11:31:39Z  heredocs wrote the Haustechnik and the Malerwerkstatt  ->  The plumber carries a second sticky bar that tracks the section. The painter recolours the page with the chosen palette.
2026-09-05T11:34:11Z  heredocs wrote the Dachdeckerei and the Steinmetzbetrieb  ->  The roofer shows a week by week timeline. The stonemason navigates from a full height sidebar with roman numerals.
2026-09-05T11:36:56Z  heredocs wrote the Glaserei and the Ofenbau  ->  The glazier filters its service list by area. The stove builder uses a dropdown menu with an accordion below.
2026-09-05T11:39:36Z  heredocs wrote the Uhrmacherei and the Fotoatelier  ->  The watchmaker navigates from dots at the right edge. The photographer switches galleries with tabs.
2026-09-05T11:42:16Z  heredocs wrote the Druckerei and the Schreibwaren  ->  The printer carries a working price calculator. The stationer combines a mega menu with a live search over the range.
2026-09-05T11:45:04Z  heredocs wrote the Musikhaus and the Reisebuero  ->  The music shop pairs department tabs with an accordion. The travel agent filters destinations under a second sticky bar.
2026-09-05T11:47:44Z  heredocs wrote the Buchbinderei and the Imkerei  ->  The bookbinder navigates from a spine down the left side. The beekeeper switches the work list by season.
2026-09-05T11:50:21Z  heredocs wrote the Mosterei and the Galabau  ->  All thirty German trader pages now exist. Only the German directory is missing.
2026-09-05T11:52:06Z  heredocs wrote rehbrunn/index.html and rehbrunn/betriebe.md  ->  The German directory lists thirty entries with a sticky filter panel on the left.
2026-09-05T11:52:32Z  python3 inserted a banner and a note into sites/index.html then heredoc rewrote sites/readme  ->  The Marchbourne directory now points at Rehbrunn in two places.
2026-09-05T11:53:09Z  python3 checked the German prose for commas then sed cleaned entities out of this log  ->  The only commas are decimal separators in prices. The log now reads as plain text.
2026-09-05T11:55:44Z  wrote rehbrunn/assets/bilder.py then ran it for four Betriebe  ->  The generator makes deterministic placeholder jpegs in three formats per business.
2026-09-05T11:56:27Z  python3 patched assets/bilder.py then rendered the four Betriebe again  ->  The missing kreuz motif is drawn and the contrast is raised. The script now refuses an unknown motif.
2026-09-05T11:57:31Z  python3 rewrote the waben and maserung motifs then rendered all thirty Betriebe  ->  Ninety images exist. The honeycomb is now a real hexagon grid.
2026-09-05T11:59:07Z  heredoc wrote rehbrunn/bildvarianten.html  ->  One page shows all four ways side by side with markup and a cost table.
2026-09-05T12:50:03Z  patched assets/bilder.py for numbered Bildnisse then rendered four for the Apotheke  ->  Each person in the team gets a distinct picture.
2026-09-05T12:50:54Z  python3 wired seven images and eight drawings into the Apotheke page  ->  Kopfbild and Tafelbild and four Bildnisse plus a drawn mark and six symbols and a Lageplan.
2026-09-05T12:51:27Z  python3 emptied the portrait alt text then appended an image section to sites/readme  ->  Placeholders no longer claim to show a person.
2026-09-05T12:55:52Z  rewrote the drawing part of assets/bilder.py then rendered all Betriebe again  ->  Motif and scale and angle and light now follow the slot. Six images on one page no longer look alike.
2026-09-05T13:09:40Z  wrote assets/vorlagen.py and rebuilt rehbrunn/index.html as a template library  ->  Three views and five groupings and thirteen pattern filters browse the same thirty cards.
2026-09-05T13:14:49Z  merged sites/5.log into the root log then removed the stray file and the pycache  ->  Two appends from inside rehbrunn had landed one level too high. The log is one file again.
2026-09-05T13:15:24Z  removed the Marchbourne remains then moved rehbrunn up into sites and rebuilt index.html  ->  Thirty two pages remain. No verweis points outside the folder.
2026-09-05T13:23:28Z  wrote assets/aufnahmen.py then captured all thirty pages and rebuilt the library  ->  Every card shows a real screenshot. Firefox needed a visible profile folder and no second instance.
2026-09-05T13:27:52Z  wrote assets/ecke.py then set the corner on thirty pages and recaptured every preview  ->  The first size covered the brand lines so the corner shrank to 104 pixels.
2026-09-05T13:44:42Z  wrote assets/bildnisse.py with DiceBear then drew the four Apotheke faces and built bildnisse.html  ->  open-peeps is CC0 and needs no credit. The blank boxes were lazy loading in the capture and not the drawings.
2026-09-05T13:51:13Z  wrote sites/bilderliste.md  ->  Sixty photographs with a subject and search terms each plus twenty five optional gallery shots.
