# Command log
#
# Every shell command run by the agent in this session. One line per command
# written as the command completes. Format is a UTC timestamp then the command
# then one plain sentence saying what happened.
2026-09-05T20:39:59Z  find over /home/alex for recent pptx  ->  The deck is timesheets/PowerPoint at 4flow.pptx written at 22:37 today.
2026-09-05T20:40:56Z  unzip of the pptx then a python walk of ppt/slides/*.xml  ->  All 30 slides came out as plain text into the scratchpad.
2026-09-05T20:40:56Z  python read of ppt/theme/theme1.xml  ->  The 4flow palette is 00263C EEE6E0 FF4D06 007EFF FFA0F5 757575 with Arial as both fonts.
2026-09-05T20:42:40Z  heredoc wrote timesheets/powerpoint-design-guidelines.html  ->  Fifteen sections of rules with the real theme hex values as swatches.
2026-09-05T20:42:46Z  python check of the html for dangling anchors and unbalanced tags  ->  No dangling anchor and no unclosed tag.
2026-09-05T20:46:07Z  cat of tokens.css App.vue the page and component templates and en.ts  ->  The month view is a period bar then a grid then an aside then two summary tables then the download panel.
2026-09-05T20:47:22Z  heredoc wrote timesheets/mockups/data.js  ->  One May 2026 dataset with three Berlin bank holidays shared by all three mockups.
2026-09-05T20:48:20Z  heredoc wrote timesheets/mockups/a-white.html  ->  The dense white variant with no cards and Bright Blue on internal lines only.
2026-09-05T20:49:19Z  heredoc wrote timesheets/mockups/b-warm.html  ->  The warm canvas variant with white cards and one shared corner radius.
2026-09-05T20:50:20Z  heredoc wrote timesheets/mockups/c-blue.html  ->  The Smart Blue frame variant with a fixed rail and a docked download.
2026-09-05T20:51:13Z  heredocs wrote timesheets/mockups/index.html and teardown.sh  ->  A comparison page with scaled live previews plus a guarded remove script.
2026-09-05T20:51:29Z  node run of renderGrid against a stubbed document  ->  65 rows and every total agrees at 13.5 and nothing is booked on a non-working day.
2026-09-05T20:51:54Z  node run of renderGrid and monthRows against a stubbed document  ->  All three totals agree at 13.5 and 18 working days match and no booking sits on a non-working day.
2026-09-05T20:54:17Z  python patched data.js and the two wordmarks  ->  A day now shows one row until it is split. The Tasks column carries text. The flex gap no longer splits 4flow into three words.
2026-09-05T20:54:59Z  sed raised the preview scale in index.html from .26 to .28  ->  The scaled frame now covers the card so no canvas strip shows beside it.
2026-09-05T21:03:36Z  appended a calendar renderer and an allocation helper to data.js  ->  D and E read the same dataset and A and B and C are untouched.
2026-09-05T21:04:45Z  heredoc wrote timesheets/mockups/d-calendar.html  ->  The month is drawn as a seven column calendar board rather than a table.
2026-09-05T21:05:42Z  heredoc wrote timesheets/mockups/e-flow.html  ->  A single column of numbered steps where the split fills the month and the grid is a correction tool.
2026-09-05T21:06:57Z  python patched e-flow.html then a chromium screenshot  ->  Working days now read white against warm grey weekends and the header fits the 880 column.
2026-09-05T21:07:38Z  python rebuilt index.html for five variants  ->  Cards for D and E plus the comparison table turned so variants are rows.
2026-09-05T21:57:04Z  python generated ten svg marks then the showcase from one marks.json  ->  The svg files and the page cannot drift because both come from the same source.
2026-09-05T21:58:06Z  wrote build.py and page.template then reran the build  ->  The marks and the page regenerate from one definition and the flow-dots track now runs the full width.
2026-09-05T21:58:36Z  rebuilt after naming the three weak marks then parsed every svg and the page  ->  All ten svg files are well formed and the page has no unclosed tag.
2026-09-06T11:11:18Z  extended build.py with flow-bubbles and bubble-watch then rebuilt  ->  Twelve marks now and the mockup mark holds its original offset equals radius ratio at the 64 unit size.
2026-09-06T11:13:03Z  rebuilt with the twelve mark favicon verdict then reparsed everything  ->  Eight marks hold at 16 px and four lose their detail. All twelve svg files parse.
2026-09-06T11:51:01Z  ls of the repo after a failed cd  ->  timesheets was renamed to tracker so every path in this session moves with it.
2026-09-06T11:53:34Z  added seven marks from the 4flow.com motifs then rebuilt and reread the render  ->  Nineteen marks and thirteen of them hold at 16 px. Number 19 proves the crown belongs on the back bubble.
2026-09-06T12:00:25Z  added eight marks covering the bubble crosses and the Roman four and the flow and tracking symbols  ->  Twenty seven marks and nineteen hold at 16 px. Every bubble pair with something set inside it fails.
2026-09-06T18:21:16Z  added a colour compliance item to docs/todo-f-design-and-board-view.md  ->  It sits in section 5 with the two offenders that exist today named.
